// Jest Snapshot v1, https://goo.gl/fbAQLP

exports[`FilterableRestaurantsTable render correctly 1`] = `
<DocumentFragment>
  <div>
    <article>
      <h2>
        식당 검색창
      </h2>
      <div>
        <label
          for="search-search"
        >
          검색
        </label>
        <input
          id="search-search"
          name="searchText"
          value=""
        />
      </div>
      <ul
        style="display: flex; flex-direction: row; padding: 0px; gap: 4px; list-style: none;"
      >
        <li>
          <label>
            <input
              checked=""
              name="category"
              type="radio"
              value="전체"
            />
            <span>
              전체
            </span>
          </label>
        </li>
        <li>
          <label>
            <input
              name="category"
              type="radio"
              value="중식"
            />
            <span>
              중식
            </span>
          </label>
        </li>
        <li>
          <label>
            <input
              name="category"
              type="radio"
              value="한식"
            />
            <span>
              한식
            </span>
          </label>
        </li>
        <li>
          <label>
            <input
              name="category"
              type="radio"
              value="일식"
            />
            <span>
              일식
            </span>
          </label>
        </li>
      </ul>
    </article>
    <article>
      <h2>
        식당 목록창
      </h2>
      <table
        style="border: 1px solid black; background-color: black;"
      >
        <caption>
          식당 목록
        </caption>
        <thead
          style="background-color: white;"
        >
          <tr>
            <th
              scope="col"
            >
              업종
            </th>
            <th
              scope="col"
            >
              이름
            </th>
            <th
              scope="col"
            >
              메뉴
            </th>
          </tr>
        </thead>
        <tbody
          style="background-color: white;"
        >
          <tr>
            <td>
              중식
            </td>
            <td>
              메가반점
            </td>
            <td>
              <ul
                style="display: flex; flex-direction: column; padding: 0px; gap: 4px; list-style: none;"
              >
                <li>
                  <div
                    style="display: flex; justify-content: space-between; column-gap: 4px;"
                  >
                    <div
                      style="display: flex; flex-direction: column;"
                    >
                      <span>
                        이름: 짜장면
                      </span>
                      <span>
                        가격: 8,000
                      </span>
                    </div>
                    <button
                      name="#짜장면"
                      type="button"
                    >
                      선택
                    </button>
                  </div>
                </li>
                <li>
                  <div
                    style="display: flex; justify-content: space-between; column-gap: 4px;"
                  >
                    <div
                      style="display: flex; flex-direction: column;"
                    >
                      <span>
                        이름: 짬뽕
                      </span>
                      <span>
                        가격: 5,000
                      </span>
                    </div>
                    <button
                      name="#짬뽕"
                      type="button"
                    >
                      선택
                    </button>
                  </div>
                </li>
              </ul>
            </td>
          </tr>
          <tr>
            <td>
              한식
            </td>
            <td>
              메리김밥
            </td>
            <td>
              <ul
                style="display: flex; flex-direction: column; padding: 0px; gap: 4px; list-style: none;"
              >
                <li>
                  <div
                    style="display: flex; justify-content: space-between; column-gap: 4px;"
                  >
                    <div
                      style="display: flex; flex-direction: column;"
                    >
                      <span>
                        이름: 김밥
                      </span>
                      <span>
                        가격: 3,000
                      </span>
                    </div>
                    <button
                      name="#김밥"
                      type="button"
                    >
                      선택
                    </button>
                  </div>
                </li>
              </ul>
            </td>
          </tr>
          <tr>
            <td>
              일식
            </td>
            <td>
              혹등고래카레
            </td>
            <td>
              <ul
                style="display: flex; flex-direction: column; padding: 0px; gap: 4px; list-style: none;"
              >
                <li>
                  <div
                    style="display: flex; justify-content: space-between; column-gap: 4px;"
                  >
                    <div
                      style="display: flex; flex-direction: column;"
                    >
                      <span>
                        이름: 카레
                      </span>
                      <span>
                        가격: 10,000
                      </span>
                    </div>
                    <button
                      name="#카레"
                      type="button"
                    >
                      선택
                    </button>
                  </div>
                </li>
              </ul>
            </td>
          </tr>
        </tbody>
      </table>
    </article>
  </div>
</DocumentFragment>
`;
